// Jest Snapshot v1, https://goo.gl/fbAQLP

exports[`TimeLineHorizontal should renders correctly 1`] = `
<div
  className="time-line-container"
>
  <div
    className="time-line-node ready"
    key="基本资料上传"
  >
    <div
      className="circle ready"
    />
    <div>
      基本资料上传
    </div>
    <div>
      (
      将用于基本信息生成
      )
    </div>
  </div>
  <div
    className="time-line-node left-of-current-state"
    key="授信资料上传"
  >
    <div
      className="circle left-of-current-state"
    />
    <div>
      授信资料上传
    </div>
    <div>
      (
      将用于融资授信
      )
    </div>
  </div>
  <div
    className="time-line-node current-end"
    key="交易明细上传"
  >
    <div>
      <div
        className="circle current-end"
      />
      <div
        className="out-circle"
      />
    </div>
    <div>
      交易明细上传
    </div>
    <div>
      (
      将用于定制化融资
      )
    </div>
  </div>
</div>
`;
